---
source: triton-llm/tests/preprocessor.rs
expression: formatted_prompt
info:
  messages:
    - role: user
      content: What is deep learning?
  model: meta_llama_llama_3_1_70b_instruct__1605565_e45e5991
---
<|begin_of_text|><|start_header_id|>system<|end_header_id|>

Cutting Knowledge Date: December 2023
Today Date: <redacted>

<|eot_id|><|start_header_id|>user<|end_header_id|>

What is deep learning?<|eot_id|><|start_header_id|>assistant<|end_header_id|>
